data/processed/21212_timeseries.csv
date,day_of_week,day_of_year,price,demand,revenue,seasonal
2020-08-23,6,236,289.5176310002265,105,30399.351255023783,0.5424841906236566
2020-08-24,0,237,289.1459407970349,71,20529.361796589477,0.4702434793887541
2020-08-25,1,238,289.22199947485126,89,25740.757953261764,0.4931553235812929
2020-08-26,2,239,288.9064644722877,77,22245.797764366154,0.592396288138286
2020-08-27,3,240,289.6987461183043,108,31287.464580776865,0.6917500250188209
2020-08-28,4,241,290.37977769575554,120,34845.573323490666,0.7150001527651102
2020-08-29,5,242,291.05723600275854,118,34344.753848325505,0.643323136073439
2020-08-30,6,243,290.7735391029009,83,24134.203745540774,0.5294631563412284
2020-08-31,0,244,290.22180681273727,53,15381.755761075075,0.4580150064455152
2020-09-01,1,245,290.2688287510101,59,17125.860896309598,0.4817227999655385
2020-09-02,2,246,290.18264470024144,88,25536.072733621248,0.5817628659813475
2020-09-03,3,247,289.8336495788742,115,33330.86970157053,0.681918619661021
2020-09-04,4,248,289.15968444213905,112,32385.884657519575,0.7059734418918842
2020-09-05,5,249,289.1358851361699,90,26022.229662255293,0.6351035589218866
2020-09-06,6,250,288.90426079016055,74,21378.915298471882,0.5220529129772989
2020-09-07,0,251,289.2988413064104,70,20250.918891448728,0.45141605711209204
2020-09-08,1,252,289.6800994146744,80,23174.407953173948,0.4759368645015781
2020-09-09,2,253,290.31110983839966,92,26708.62210513277,0.5767914233122491
2020-09-10,3,254,289.5892450489323,109,31565.22771033362,0.6777629073603918
2020-09-11,4,255,289.81914332056135,93,26953.180328812206,0.7026344558148119
2020-09-12,5,256,289.40213884683703,94,27203.80105160268,0.6325820529098594
2020-09-13,6,257,288.7025619714682,84,24251.015205603326,0.5203493986348178
2020-09-14,0,258,288.45687471951345,67,19326.6106062074,0.4505308036550721
2020-09-15,1,259,289.06948745711577,78,22547.42002165503,0.475869898677572
2020-09-16,2,260,288.856063762008,86,24841.621483532686,0.5775425293925267
2020-09-17,3,261,289.7534278453203,109,31583.123635139913,0.6793316272038634
2020-09-18,4,262,290.06806095385286,90,26106.12548584676,0.7050200890037834
2020-09-19,5,263,289.8421568440387,103,29853.742154935986,0.6357836569575777
2020-09-20,6,264,290.5071302997571,83,24112.091814879837,0.5243657892647584
2020-09-21,0,265,290.76244466710455,83,24133.282907369678,0.4553605551518616
2020-09-22,1,266,290.227874537319,75,21767.090590298925,0.4815113443094577
2020-09-23,2,267,291.2933942012227,88,25633.8186897076,0.5839937619052687
2020-09-24,3,268,291.4421349997739,105,30601.42417497626,0.6865904993858815
2020-09-25,4,269,291.45290952299854,108,31476.91422848384,0.7130842143224444
2020-09-26,5,270,290.96249334569853,112,32587.799254718237,0.6446504102663649
2020-09-27,6,271,291.63863894308764,63,18373.23425341452,0.5340323075811538
2020-09-28,0,272,291.93515624350323,62,18099.9796870972,0.465823738505716
2020-09-29,1,273,292.2958538461157,72,21045.30147692033,0.49276785666158357
2020-09-30,2,274,292.0049221375939,104,30368.511902309765,0.5960400321359666
2020-10-01,3,275,292.4830528137784,95,27785.890017308946,0.6994227223531542
2020-10-02,4,276,293.00573085133186,112,32816.64185534917,0.7266983519895343
2020-10-03,5,277,292.6223677386635,88,25750.76836100239,0.6590421928983143
2020-10-04,6,278,291.8101078308674,102,29764.63099874848,0.5491972350100198
2020-10-05,0,279,292.1433677557954,63,18405.03216861511,0.48175708146406615
2020-10-06,1,280,291.241479582808,78,22716.835407459024,0.5094646581838775
2020-10-07,2,281,291.3286194423118,85,24762.9326525965,0.6134951090274177
2020-10-08,3,282,291.07224555698707,124,36092.9584490664,0.7176306667256203
2020-10-09,4,283,291.7708198547395,109,31803.019364166605,0.7456535328639897
2020-10-10,5,284,291.54563032549925,106,30903.83681450292,0.6787387578734261
2020-10-11,6,285,292.18035135633676,82,23958.788811219612,0.5696291119963509
2020-10-12,0,286,291.88559156643436,67,19556.3346349511,0.5029179804833591
2020-10-13,1,287,292.4588154575685,84,24566.540498435756,0.5313480732329156
2020-10-14,2,288,293.63986307784495,102,29951.266033940185,0.6360943200058841
2020-10-15,3,289,293.02762743425285,118,34577.26003724184,0.7409387414274281
2020-10-16,4,290,293.19503079279684,113,33131.038479586045,0.7696633290314209
2020-10-17,5,291,294.77071271829095,107,31540.46626085713,0.7034429253135575
2020-10-18,6,292,294.80888336809704,91,26827.60838649683,0.5950200947590537
2020-10-19,0,293,294.8443021993748,79,23292.699873750607,0.5289880191003141
2020-10-20,1,294,295.29629269975817,83,24509.59229407993,0.5580892070168881
2020-10-21,2,295,295.31984144434523,93,27464.745254324105,0.6634983894096725
2020-10-22,3,296,294.34120991395986,123,36203.96881941706,0.7689973904616821
2020-10-23,4,297,294.9902699271032,145,42773.58913942997,0.7983680077407258
2020-10-24,5,298,293.84212171604173,116,34085.68611906084,0.732784892309962
2020-10-25,6,299,293.60320463493906,92,27011.494826414393,0.6249904198123468
2020-10-26,0,300,294.2953361468079,76,22366.445547157404,0.5595775857842099
2020-10-27,1,301,294.09095567011667,87,25585.91314330015,0.589288715410454
2020-10-28,2,302,293.69330869062924,81,23789.158003940967,0.6952983588530811
2020-10-29,3,303,294.19732830130897,140,41187.62596218326,0.8013881623655399
2020-10-30,4,304,293.70944458291297,123,36126.26168369829,0.8313397484481193
2020-10-31,5,305,293.0088292980915,109,31937.962393491973,0.7663275960103807
2020-11-01,6,306,293.1661886896115,104,30489.283623719595,0.6590939115066149
2020-11-02,0,307,293.06133174153433,94,27547.76518370423,0.5942315242995867
2020-11-03,1,308,292.3484221871411,99,28942.49379652697,0.6244825964649117
2020-11-04,2,309,292.7135418848147,96,28100.500020942207,0.7310215181679667
2020-11-05,3,310,292.9797996724402,140,41017.17195414163,0.8376297788256218
2020-11-06,4,311,292.7735776470116,139,40695.52729293462,0.8680888473081391
2020-11-07,5,312,292.606577678694,118,34527.57616608589,0.8035730521470889
2020-11-08,6,313,292.8762204620505,105,30752.003148515305,0.6968244527153823
2020-11-09,0,314,293.5585702046321,87,25539.595607802992,0.6324357346346094
2020-11-10,1,315,293.39646492221954,96,28166.060632533074,0.6631489196220028
2020-11-11,2,316,293.7717513833418,112,32902.43615493428,0.7701382609089387
2020-11-12,3,317,294.09574056531227,119,34997.39312727216,0.8771851144432488
2020-11-13,4,318,294.5997850469916,141,41538.56969162582,0.9080708191306461
2020-11-14,5,319,294.6223182215373,134,39479.390641686,0.843969577081191
2020-11-15,6,320,294.09934673628584,126,37056.517688772015,0.7376233248267744
2020-11-16,0,321,293.83422878732216,93,27326.58327722096,0.6736246287648131
2020-11-17,1,322,294.03076235287404,94,27638.89166117016,0.704715395040616
2020-11-18,2,323,295.0731589560341,133,39244.73014115253,0.8120697650000575
2020-11-19,3,324,294.7957048485571,132,38913.03304000953,0.9194689864251118
2020-11-20,4,325,295.2570323880855,153,45174.325955377084,0.9506942938072762
2020-11-21,5,326,295.068980901405,146,43080.07121160513,0.886919788625001
2020-11-22,6,327,295.1323048010975,115,33940.215052126216,0.7808873105909907
2020-11-23,0,328,296.00097423595224,96,28416.093526651413,0.7171893331245874
2020-11-24,1,329,296.4390889442547,107,31718.982517035252,0.7485676732616959
2020-11-25,2,330,295.7275401447331,125,36965.94251809164,0.8561963871338538
2020-11-26,3,331,295.39938083223325,138,40765.11455484819,0.9638566412289934
2020-11-27,4,332,296.1194833966993,142,42048.9666423313,0.9953295926890174
2020-11-28,5,333,296.2008120119074,150,44430.1218017861,0.931789269610081
2020-11-29,6,334,295.5422634846454,124,36647.24067209603,0.8259774423116846
2020-11-30,0,335,295.072816154833,119,35113.665122425125,0.7624865188295964
2020-12-01,1,336,295.4760790766351,102,30138.56006581678,0.7940582548451454
2020-12-02,2,337,296.0461039347581,112,33157.1636406929,0.9018666491825047
2020-12-03,3,338,296.0563391122159,123,36414.92971080256,1.0096928150864082
2020-12-04,4,339,297.47526088408335,156,46406.140697917006,1.041317860535508
2020-12-05,5,340,297.9476889582132,137,40818.833387275205,0.9779157685572328
2020-12-06,6,341,297.80811853663306,124,36928.2066985425,0.8722282685101963
2020-12-07,0,342,297.3405321358081,134,39843.63130619828,0.8088477315893591
2020-12-08,1,343,296.7817001346367,135,40065.52951817596,0.8405158807661091
2020-12-09,2,344,296.9739733786182,147,43655.17408665688,0.9484066862953213
2020-12-10,3,345,296.6937921788227,154,45690.8439955387,1.0563012370015112
2020-12-11,4,346,297.65323071633503,172,51196.35568320962,1.0879806205994402
2020-12-12,5,347,298.4937632341595,145,43281.59566895312,1.0246188040149733
2020-12-13,6,348,298.8566553680558,127,37954.79523174308,0.9189575046722651
2020-12-14,0,349,298.18082051506696,113,33694.432718202566,0.8555890860024231
2020-12-15,1,350,297.7954851311798,133,39606.79952244691,0.8872552673859447
2020-12-16,2,351,298.5152759629705,144,42986.199738667754,0.9951300196607983
2020-12-17,3,352,298.19251006169776,145,43237.91395894618,1.102994436408449
2020-12-18,4,353,298.8357542987627,155,46319.54191630822,1.134629614272978
2020-12-19,5,354,299.1078110534065,165,49352.78882381208,1.0712095332793576
2020-12-20,6,355,299.1374572472461,143,42776.6563863562,0.9654759281167611
2020-12-21,0,356,298.7345730634793,160,47797.531690156684,0.9020211836420678
2020-12-22,1,357,298.68054975484216,142,42412.63806518759,0.9335870448159717
2020-12-23,2,358,298.7892614713366,150,44818.38922070049,1.0413475122034814
2020-12-24,3,359,299.38114276030507,161,48200.363984409116,1.1490837132511393
2020-12-25,4,360,298.87341338579824,170,50808.4802755857,1.180576782596107
2020-12-26,5,361,298.72275913754385,150,44808.41387063158,1.117000742373188
2020-12-27,6,362,298.7484530587582,132,39434.79580375608,1.011097373485636
2020-12-28,0,363,299.12831954239783,130,38886.681540511716,0.9474591110949686
2020-12-29,1,364,298.6075613956979,131,39117.59054283643,0.9788277545422193
2020-12-30,2,365,297.85286534762344,168,50039.28137840074,1.086377362832261
2020-12-31,3,366,298.2392017494484,166,49507.70749040844,1.1938891258937427
2021-01-01,4,1,297.3690692244448,195,57986.968498766735,1.2251442448696288
2021-01-02,5,2,298.1056569221317,192,57236.28612904929,1.1613168124045627
2021-01-03,6,3,298.0162755538231,147,43808.392506412,1.0551486838947484
2021-01-04,0,4,297.1291857858711,160,47540.66972573937,0.9912323729556917
2021-01-05,1,5,296.853794961201,145,43043.800269374144,1.022309761320206
2021-01-06,2,6,297.0711196401924,186,55255.22825307579,1.1295549942983416
2021-01-07,3,7,296.7657599032801,169,50153.41342365434,1.236749352011697
2021-01-08,4,8,296.77724153711625,173,51342.46278592111,1.2676741296573273
2021-01-09,5,9,297.20147595361334,163,48443.84058043898,1.2035035177671176
2021-01-10,6,10,297.0855745802868,142,42186.151590400725,1.0969794734287446
2021-01-11,0,11,296.5484259011454,155,45965.006014677536,1.0326946157232568
2021-01-12,1,12,296.3770395891754,131,38825.392186181976,1.0633909355918292
2021-01-13,2,13,297.1880670526731,152,45172.58619200631,1.1702426912633408
2021-01-14,3,14,298.15399488197966,191,56947.41302245812,1.2770312794551915
2021-01-15,4,15,296.99611452568394,185,54944.28118725153,1.3075381156027077
2021-01-16,5,16,297.6215234146423,183,54464.73878487954,1.242937514082871
2021-01-17,6,17,297.76491535158834,164,48833.44611766049,1.1359715593985475
2021-01-18,0,18,298.2945690624577,139,41462.94509968162,1.0712330015783795
2021-01-19,1,19,297.9790132014773,133,39631.208755796484,1.1014639660046641
2021-01-20,2,20,296.9653931945587,165,48999.28987710219,1.207838848801136
2021-01-21,3,21,297.3004391460299,161,47865.37070251081,1.3141391879929332
2021-01-22,4,22,296.76104364701825,189,56087.83724928645,1.3441465436940938
2021-01-23,5,23,295.96523409915096,204,60376.9077562268,1.2790353782884334
2021-01-24,6,24,295.20948813072295,172,50776.031958484346,1.1715479275699143
2021-01-25,0,25,295.5539493657235,158,46697.52399978431,1.106277096097709
2021-01-26,1,26,295.63388756996835,153,45231.98479820516,1.135965166978291
2021-01-27,2,27,296.08241982222853,165,48853.599270667706,1.241786697206457
2021-01-28,3,28,296.4659531929323,216,64036.64588967338,1.3475233887776732
2021-01-29,4,29,296.22466184673135,214,63392.07763520051,1.3769569688269123
2021-01-30,5,30,296.1842643471181,205,60717.7741911592,1.3112620697601038
2021-01-31,6,31,295.891093499743,199,58882.32760644886,1.2031811003441
2021-02-01,0,32,295.7705275108836,178,52647.15389693728,1.1373071410104707
2021-02-02,1,33,295.21606899893885,174,51367.59600581536,1.166382653585484
2021-02-03,2,34,295.43990593870024,203,59974.30090555615,1.2715823765781862
2021-02-04,3,35,296.0561963813664,229,67796.86897133291,1.3766881962389494
2021-02-05,4,36,295.58809007227325,210,62073.498915177384,1.4054820266437087
2021-02-06,5,37,296.322551050435,175,51856.446433826124,1.3391386897700177
2021-02-07,6,38,296.3876248697086,191,56610.036350114344,1.2304007865308506
2021-02-08,0,39,296.5258183416766,150,44478.87275125149,1.163861592021425
2021-02-09,1,40,295.5516559772065,190,56154.81463566924,1.1922637651915753
2021-02-10,2,41,294.5156807252815,175,51540.24412692427,1.296782244075343
2021-02-11,3,42,294.5982924106174,214,63044.034575872116,1.4011991167904165
2021-02-12,4,43,295.05098980403864,216,63731.01379767235,1.4292965015625858
2021-02-13,5,44,294.6661350319554,197,58049.22860129521,1.362249426741279
2021-02-14,6,45,295.6234813674803,210,62080.93108717086,1.252800701772214
2021-02-15,0,46,296.04476801582507,177,52399.92393880104,1.1855438123824298
2021-02-16,1,47,295.5240804254895,202,59695.86424594888,1.2132216301902308
2021-02-17,2,48,295.5417637775149,200,59108.35275550299,1.3170093078717937
2021-02-18,3,49,296.96161150505714,209,62064.97680455694,1.4206891500969718
2021-02-19,4,50,296.24933772552885,232,68729.8463523227,1.448043493489608
2021-02-20,5,51,296.5521573993279,216,64055.26599825482,1.3802475865783053
2021-02-21,6,52,296.3671508468505,199,58977.06301852325,1.2700444607039076
2021-02-22,0,53,296.7723643342303,191,56683.52158783799,1.2020278251387222
2021-02-23,1,54,297.4988023991718,159,47302.30958146831,1.2289407766302387
2021-02-24,2,55,297.27740008077967,193,57374.53821559047,1.3319586945010282
2021-02-25,3,56,297.9187930962974,187,55710.81430900761,1.434864111517387
2021-02-26,4,57,299.19205140184494,222,66420.63541120957,1.4614395937820626
2021-02-27,5,58,299.2300420063925,187,55956.0178551954,1.392860620617035
2021-02-28,6,59,299.6799630009576,175,52443.993525167585,1.281870455402549
2021-03-01,0,60,299.34150520076975,174,52085.42190493394,1.2130630406276763
2021-03-02,1,61,299.35254519613727,174,52087.34286412789,1.2391817073648437
2021-03-03,2,62,299.2512699010633,209,62543.51540932224,1.3414020703003429
2021-03-04,3,63,299.70809672248396,204,61140.451731386725,1.4435068985332096
2021-03-05,4,64,300.39865196143745,191,57376.14252463455,1.4692789953979233
2021-03-06,5,65,300.3357946167465,210,63070.51686951677,1.399894078276894
2021-03-07,6,66,301.2149117795163,190,57230.83323810809,1.2880956493689597
2021-03-08,0,67,302.0919794167592,172,51959.82045968258,1.2184778906691693
2021-03-09,1,68,302.5774205811607,164,49622.696975310355,1.2437843733723406
2021-03-10,2,69,302.28161918400275,194,58642.63412169653,1.3451909528324126
2021-03-11,3,70,301.93090113427513,211,63707.420139332055,1.4464806392900489
2021-03-12,4,71,301.4652205442857,225,67829.67462246428,1.4714364776238114
2021-03-13,5,72,302.00931010645337,196,59193.82478086486,1.4012344270911352
2021-03-14,6,73,301.3146893713315,204,61468.19663175163,1.288618232025124
2021-03-15,0,74,301.70267237497114,195,58832.02111311937,1.2181823167425858
2021-03-16,1,75,301.0829490934959,173,52087.350193174796,1.242670494875792
2021-03-17,2,76,301.55502965117665,190,57295.45563372356,1.3432588642599887
2021-03-18,3,77,301.5649004161801,195,58805.155581155115,1.4437306775891483
2021-03-19,4,78,302.32938077843124,191,57744.91172868037,1.4678692220952758
2021-03-20,5,79,302.9836956988932,189,57263.918487090814,1.3968506992176166
2021-03-21,6,80,303.80631687782153,162,49216.623334207085,1.2834190952276598
2021-03-22,0,81,304.64370059997754,190,57882.30311399573,1.2121690760654553
2021-03-23,1,82,304.7260339661068,184,56069.59024976365,1.2358446965998378
2021-03-24,2,83,304.0617801206279,186,56555.49110243678,1.33562229544441
2021-03-25,3,84,303.4584433325554,207,62815.89776983897,1.4352853655419326
2021-03-26,4,85,302.2622011382461,232,70124.83066407309,1.4586174337725069
2021-03-27,5,86,301.64101240496365,205,61836.40754301755,1.3867949405516942
2021-03-28,6,87,301.6804641247011,185,55810.8858630697,1.2725621103847455
2021-03-29,0,88,301.3596540918118,190,57258.33427744424,1.2005138466323197
2021-03-30,1,89,301.25639513091204,174,52418.612752778696,1.2233944407003516
2021-03-31,2,90,301.53883392139755,205,61815.4609538865,1.3223804667859538
2021-04-01,3,91,301.364534883201,174,52437.42906967697,1.421255652391958
2021-04-02,4,92,300.721470028712,205,61647.901355885966,1.4438037578656628
2021-04-03,5,93,300.69095494417064,183,55026.444754783224,1.3712014559277106
2021-04-04,6,94,300.17591409843396,186,55832.72002230872,1.2561932021574915
2021-04-05,0,95,300.02069141275024,196,58804.05551689905,1.1833741296904328
2021-04-06,1,96,300.79041017279644,172,51735.95054972099,1.2054887583397182
2021-04-07,2,97,300.6353486750411,186,55918.17485355764,1.303713889274534
2021-04-08,3,98,301.65051298614696,220,66363.11285695233,1.4018334754673831
2021-04-09,4,99,302.4711683190131,185,55957.16613901742,1.4236315011659721
2021-04-10,5,100,302.13909368888324,194,58614.984175643345,1.3502848613557668
2021-04-11,6,101,301.5021652708336,168,50652.36376550004,1.234538232179532
2021-04-12,0,102,301.4720396986647,171,51551.71878847166,1.160986965569264
2021-04-13,1,103,302.13316067369584,145,43809.3082976859,1.1823757983030752
2021-04-14,2,104,301.85216900752556,195,58861.17295646748,1.279881746619138
2021-04-15,3,105,302.37271274405646,216,65312.505952716194,1.3772889765993042
