data/processed/21212_timeseries.csv
date,day_of_week,day_of_year,price,demand,revenue,seasonal
2021-04-16,4,106,303.0654256477424,230,69705.04789898076,1.3983816835777791
2021-04-17,5,107,302.621731661603,191,57800.750747366175,1.324336971541198
2021-04-18,6,108,302.2341995403404,177,53495.45331864025,1.2078997234861937
2021-04-19,0,109,302.64271811806003,165,49936.04848947991,1.1336654959900416
2021-04-20,1,110,302.7297615442752,164,49647.68089326114,1.1543792282068968
2021-04-21,2,111,302.33649114902863,179,54118.23191567612,1.2512181364217883
2021-04-22,3,112,302.134611086277,183,55290.63382878869,1.3479665843749489
2021-04-23,4,113,302.0941872302514,199,60116.74325882003,1.3684089626119165
2021-04-24,5,114,301.1971672190784,173,52107.10992890056,1.2937225678257604
2021-04-25,6,115,301.63605608757564,188,56707.57854446422,1.1766524731575716
2021-04-26,0,116,301.36165582016235,144,43396.07843810338,1.1017944227107122
2021-04-27,1,117,299.7659488212542,153,45864.19016965189,1.1218935404915709
2021-04-28,2,118,299.7522652888321,170,50957.88509910146,1.2181272249086825
2021-04-29,3,119,299.32717510259505,201,60164.7621956216,1.3142800190431514
2021-04-30,4,120,300.29525703893984,182,54653.73678108705,1.334136489945599
2021-05-01,5,121,299.9596629473541,184,55192.57798231315,1.2588741079260855
2021-05-02,6,122,299.33046188777996,177,52981.49175413705,1.1412381168031525
2021-05-03,0,123,299.6216236482724,187,56029.24362222694,1.0658244283674954
2021-05-04,1,124,299.2430360327208,150,44886.45540490812,1.085378331273015
2021-05-05,2,125,298.7962290970686,173,51691.74763379287,1.1810773854872028
2021-05-06,3,126,299.0882900893406,201,60116.74630795746,1.2767062925136168
2021-05-07,4,127,298.4918640056972,201,59996.86466514514,1.2960497746419393
2021-05-08,5,128,297.656512414959,165,49113.32454846824,1.2202854541918668
2021-05-09,6,129,298.6459046053331,166,49575.2201644853,1.1021587237171424
2021-05-10,0,130,298.97809011459674,154,46042.6258776479,1.0262656404251211
2021-05-11,1,131,298.8266376778729,162,48409.91530381541,1.0453516350247434
2021-05-12,2,132,298.8246444402682,171,51099.014199285855,1.1405944061348272
2021-05-13,3,133,299.11462058433176,205,61318.49721978801,1.235778790465456
2021-05-14,4,134,299.67256588327047,187,56038.769820171576,1.2546896420279945
2021-05-15,5,135,299.2392188872512,187,55957.73393191597,1.1785047113399165
2021-05-16,6,136,299.449104711501,150,44917.36570672515,1.059969515590829
2021-05-17,0,137,299.15864715931144,169,50557.811369923635,0.9836802330251855
2021-05-18,1,138,299.0503176205628,142,42465.14510211992,1.0023824117543159
2021-05-19,2,139,299.1424314398868,148,44273.07985310325,1.097253864129966
2021-05-20,3,140,299.1386030878186,166,49657.00811257788,1.1920795368919752
2021-05-21,4,141,299.56025140015447,180,53920.84525202781,1.2106443903456852
2021-05-22,5,142,299.8394635643867,150,44975.919534658,1.1341262775352723
2021-05-23,6,143,298.9749371653382,144,43052.3909518087,1.0152708143794051
2021-05-24,0,144,298.19659346195664,135,40256.540117364144,0.9386742740246818
2021-05-25,1,145,297.9846611189829,133,39631.95992882473,0.957082295629541
2021-05-26,2,146,299.0328822360325,141,42163.636395280584,1.0516727787108264
2021-05-27,3,147,298.54472506120317,164,48961.334910037316,1.1462307532656624
2021-05-28,4,148,298.4253657557466,159,47449.63315516371,1.1645412589241273
2021-05-29,5,149,298.1179166336937,167,49785.69207782685,1.0877822240991515
2021-05-30,6,150,297.8003222992436,146,43478.84705568956,0.9686993360997891
2021-05-31,0,151,297.90249449783244,134,39918.93426270955,0.8918889354635287
2021-06-01,1,152,298.70546072133897,119,35545.949825839336,0.9100967247202257
2021-06-02,2,153,298.96683505279924,169,50525.395123923074,1.0045006627198927
2021-06-03,3,154,298.50622776530815,163,48656.51512574523,1.0988858347369925
2021-06-04,4,155,300.0844588947711,154,46213.00666979475,1.117037331606711
2021-06-05,5,156,300.1294993473656,170,51022.01488905215,1.0401331288597195
2021-06-06,6,157,299.79861952845977,147,44070.39707068358,0.920918956821474
2021-06-07,0,158,300.60807418800533,119,35772.360828372635,0.8439911949317356
2021-06-08,1,159,300.33918928456717,146,43849.52163554681,0.8620955804970498
2021-06-09,2,160,301.2924196947499,142,42783.523596654486,0.9564101030081648
2021-06-10,3,161,300.7933419571496,145,43615.03458378669,1.0507198742352768
2021-06-11,4,162,301.61307691459433,162,48861.31846016428,1.0688100073564701
2021-06-12,5,163,301.72832327565146,153,46164.433461174674,0.9918584960858084
2021-06-13,6,164,302.4683919170119,122,36901.14381387545,0.8726110847672841
2021-06-14,0,165,303.55853926238973,124,37641.25886853633,0.795664162690174
2021-06-15,1,166,302.90929586428456,130,39378.20846235699,0.8137634728385976
2021-06-16,2,167,303.64060532966397,130,39473.278692856315,0.9080870062072819
2021-06-17,3,168,302.8329806867996,111,33614.46085623476,1.0024198718962762
2021-06-18,4,169,302.23270419649816,125,37779.08802456227,1.020547176240301
2021-06-19,5,170,301.77216655727335,136,41041.01465178918,0.9436469019387743
2021-06-20,6,171,302.0608657064126,110,33226.695227705386,0.8244647781530755
2021-06-21,0,172,302.07979136609356,101,30510.05892797545,0.7475971748263766
2021-06-22,1,173,301.9839841078002,108,32614.27028364242,0.7657898114389368
2021-06-23,2,174,302.0678104174752,125,37758.4763021844,0.8602206513308273
2021-06-24,3,175,302.40675478542147,117,35381.59030989431,0.9546747718048751
2021-06-25,4,176,302.78981402086526,140,42390.57396292114,0.9729372432653856
2021-06-26,5,177,303.417022233627,121,36713.459690268865,0.8961860083588484
2021-06-27,6,178,304.4603190553939,109,33186.17477703793,0.7771667520830317
2021-06-28,0,179,304.4480735229913,99,30140.35927877614,0.7004757961199675
2021-06-29,1,180,304.1493701936729,117,35585.47631265973,0.7188588076054936
2021-06-30,2,181,304.50106692448696,122,37149.130164787406,0.8134936934674877
2021-07-01,3,182,303.84514682629657,121,36765.26276598188,0.9081654705455512
2021-07-02,4,183,303.45609390325086,134,40663.11658303562,0.9266591447476415
2021-07-03,5,184,304.02896809103663,120,36483.4761709244,0.850152590209889
2021-07-04,6,185,303.9578141009976,112,34043.275179311735,0.7313914194259903
2021-07-05,0,186,303.26524308914367,93,28203.66760729036,0.6549718776016795
2021-07-06,1,187,302.4112446973268,109,32962.82567200862,0.6736395514469109
2021-07-07,2,188,302.4391705130431,114,34478.06543848691,0.7685722635379675
2021-07-08,3,189,303.09373877703905,118,35765.06117569061,0.863554942462132
2021-07-09,4,190,303.7406539979224,116,35233.91586375899,0.8823725020004132
2021-07-10,5,191,303.80421392295926,94,28557.59610875817,0.8062027203147308
2021-07-11,6,192,304.95577915537024,101,30800.533694692393,0.6877911101057101
2021-07-12,0,193,304.89569307686503,91,27745.508069994718,0.6117338129967607
2021-07-13,1,194,304.816262090119,100,30481.626209011898,0.6307763083569004
2021-07-14,2,195,303.3445332495876,98,29727.76425845958,0.7260963076947053
2021-07-15,3,196,303.0880918124447,125,37886.011476555585,0.821478624835888
2021-07-16,4,197,303.57649157918655,113,34304.14354844808,0.8407080551400303
2021-07-17,5,198,304.4729996463213,106,32274.137962510056,0.7649622547228545
2021-07-18,6,199,303.9970850382327,83,25231.758058173313,0.646986610650205
2021-07-19,0,200,304.26206150056333,87,26470.79935054901,0.5713771353592774
2021-07-20,1,201,304.8621629708954,88,26827.870341438793,0.5908791755198477
2021-07-21,2,202,304.8685878098738,77,23474.881261360282,0.686670306467445
2021-07-22,3,203,303.5597451284976,111,33695.13170926323,0.7825352024213188
2021-07-23,4,204,303.70149893935917,121,36747.88137166246,0.8022585157425332
2021-07-24,5,205,304.13797309057105,93,28284.831497423107,0.7270177561986048
2021-07-25,6,206,303.5948827670739,73,22162.426441996395,0.6095581612008866
2021-07-26,0,207,303.449194007475,82,24882.83390861295,0.534475590270074
2021-07-27,1,208,302.78683011209205,89,26948.02787997619,0.5545152339428228
2021-07-28,2,209,301.31354688141107,100,30131.354688141106,0.650854508251136
2021-07-29,3,210,301.90225564194816,95,28680.714285985076,0.7472779249875529
2021-07-30,4,211,301.90010687348814,102,30793.81090109579,0.7675699710113877
2021-07-31,5,212,302.81594058973684,95,28767.514356025,0.6929079875623654
2021-08-01,6,213,303.3073825730283,78,23657.975840696206,0.5760370405479958
2021-08-02,0,214,303.1043392488061,75,22732.82544366046,0.5015528150598945
2021-08-03,1,215,303.0566576782611,85,25759.815902652193,0.5222003243320177
2021-08-04,2,216,303.3812070045724,98,29731.358286448092,0.619156804272702
2021-08-05,3,217,303.93545266440486,99,30089.609813776082,0.7162065837831035
2021-08-06,4,218,304.1204168426553,103,31324.402934793496,0.7371339641177437
2021-08-07,5,219,304.75417494802576,82,24989.842345738114,0.6631160982531047
2021-08-08,6,220,304.5841158107396,74,22539.22456999473,0.5468978612307039
2021-08-09,0,221,304.012524165399,52,15808.651256600748,0.4730747447301399
2021-08-10,1,222,303.97537361872423,77,23406.103768641766,0.49439156608449564
2021-08-11,2,223,304.0929915581603,85,25847.904282443626,0.5920253628704953
2021-08-12,3,224,303.40423656854233,88,26699.572818031724,0.6897602632856958
2021-08-13,4,225,302.63798864174845,92,27842.694955040857,0.7113803655685055
2021-08-14,5,226,302.89444346224883,105,31803.916563536128,0.638062617426937
2021-08-15,6,227,302.6615079114759,56,16949.04444304265,0.5225516864425457
2021-08-16,0,228,302.56644308712066,57,17246.28725596588,0.4494428547048492
2021-08-17,1,229,302.36025680304186,54,16327.45386736426,0.4714807278889642
2021-08-18,2,230,303.23190940927594,83,25168.2484809699,0.5698421299083692
2021-08-19,3,231,303.95518755716336,96,29179.698005487684,0.6683109733555173
2021-08-20,4,232,303.24590048025493,104,31537.573649946513,0.6906711389856489
2021-08-21,5,233,302.9404879343154,83,25144.060498548177,0.6180993552100239
2021-08-22,6,234,303.42773507104056,66,20026.230514688676,0.5033400685648648
2021-08-23,0,235,303.77278240676776,60,18226.366944406065,0.4309883384112469
2021-08-24,1,236,303.74901749851864,63,19136.188102406675,0.4537885460787488
2021-08-25,2,237,303.0969120168241,85,25763.23752143005,0.5529172895846917
2021-08-26,3,238,302.7056602364266,94,28454.332062224097,0.6521582541416945
2021-08-27,4,239,302.40943405600893,101,30543.3528396569,0.6752950917088181
2021-08-28,5,240,302.56821525254253,90,27231.139372728827,0.6035043005527007
2021-08-29,6,241,303.5448411462807,69,20944.59403909337,0.4895300957845766
2021-08-30,0,242,303.1511014436872,70,21220.577101058105,0.41796730412881694
2021-08-31,1,243,302.5629482362397,60,18153.77689417438,0.44156007313550827
2021-09-01,2,244,302.50070331357847,87,26317.56118828133,0.5414847659689338
2021-09-02,3,245,303.092126066436,104,31521.58111090934,0.6415248319847532
2021-09-03,4,246,302.26273072185194,115,34760.21403301297,0.6654636863510179
2021-09-04,5,247,303.0959960412739,85,25763.159663508282,0.5944775896794783
2021-09-05,6,248,302.9973826674634,67,20300.82463872005,0.48131051863302393
2021-09-06,0,249,302.5764491121274,71,21482.927886961046,0.41055706076488563
2021-09-07,1,250,301.65917413178465,62,18702.86879617065,0.43496112380208274
2021-09-08,2,251,302.0641723616269,83,25071.32630601503,0.5356988305049849
2021-09-09,3,252,301.9660520604542,86,25969.080477199062,0.6365533893156522
2021-09-10,4,253,302.0639054017016,87,26279.559769948042,0.6613079740503867
2021-09-11,5,254,301.5475339456093,79,23822.255181703134,0.5911386036023953
2021-09-12,6,255,301.3646188298999,76,22903.71103107239,0.4787890126209869
2021-09-13,0,256,301.08569632562023,56,16860.798994234734,0.40885354642240584
2021-09-14,1,257,301.0280334356598,61,18362.710039575246,0.4340758703450612
2021-09-15,2,258,300.644226593497,85,25554.75926044725,0.5356318646809778
2021-09-16,3,259,299.76478950302374,92,27578.360634278182,0.6373044953959307
2021-09-17,4,260,301.32884481256553,111,33447.501774194774,0.6628766938938605
2021-09-18,5,261,300.5473018947859,85,25546.520661056802,0.5935242367913821
2021-09-19,6,262,300.6513194684587,64,19241.68444598136,0.48199061666870857
2021-09-20,0,263,299.6355416445905,58,17378.861415386247,0.41286993705234787
2021-09-21,1,264,298.4907760450945,51,15223.029578299818,0.43890562184185844
2021-09-22,2,265,298.54685303181924,77,22988.107683450082,0.54127331031286
2021-09-23,3,266,298.64680559803486,92,27475.50611501921,0.6437557279086665
2021-09-24,4,267,299.36993346269645,97,29038.883545881556,0.6701355660758754
2021-09-25,5,268,299.5989653177217,76,22769.52136414685,0.6015883621100326
2021-09-26,6,269,299.51308946214044,73,21864.455530736253,0.49085736997749585
2021-09-27,0,270,298.9687510189237,64,19134.000065211116,0.42253645536874157
2021-09-28,1,271,299.8280282786813,58,17390.025640163516,0.4493688051957103
2021-09-29,2,272,300.36047279353375,87,26131.361133037437,0.5525298226649802
2021-09-30,3,273,299.64604053438796,91,27267.789688629306,0.6558019981393616
2021-10-01,4,274,299.66780244614193,82,24572.759800583637,0.6829677890431514
2021-10-02,5,275,299.75037736958063,65,19483.77452902274,0.615202499777125
2021-10-03,6,276,299.55223865331044,77,23065.522376304903,0.5052491526094351
2021-10-04,0,277,299.99468577194386,66,19799.649260948296,0.4377013827976057
2021-10-05,1,278,300.47145936644307,78,23436.77383058256,0.46530214815405896
2021-10-06,2,279,300.3622674313669,92,27633.328603685753,0.5692266241872732
2021-10-07,3,280,300.20126502118376,94,28218.918911991273,0.673257075030823
2021-10-08,4,281,301.06051155267386,107,32213.474736136104,0.7011757334156166
2021-10-09,5,282,301.59524190222265,84,25334.000319786704,0.6341576806515822
2021-10-10,6,283,301.63672097959176,71,21416.207189551016,0.5249457175845637
2021-10-11,0,284,300.70281103427504,69,20748.493961364977,0.45813325978393793
2021-10-12,1,285,300.9000018874817,59,17753.100111361422,0.48646304717335126
2021-10-13,2,286,301.3001636070091,83,25007.913579381755,0.5911100392363078
2021-10-14,3,287,299.72119179820805,95,28473.513220829765,0.6958562860092815
2021-10-15,4,288,299.86557068211016,89,26688.035790707803,0.7244838081174213
2021-10-16,5,289,299.6267107315037,103,30861.55120534488,0.6581674768190038
2021-10-17,6,290,299.50011064291397,89,26655.509847219342,0.5496498850246816
2021-10-18,0,291,298.97997352382754,68,20330.638199620273,0.48352424254664217
2021-10-19,1,292,298.8950271180701,78,23313.812115209468,0.5125330857903121
2021-10-20,2,293,299.6929571231276,95,28470.830926697123,0.6178511730202938
2021-10-21,3,294,299.43706853693755,88,26350.462031250503,0.7232603554130727
2021-10-22,4,295,299.99056334813804,114,34198.92422168774,0.7525424571516764
2021-10-23,5,296,299.52835087173526,99,29653.30673630179,0.6868721555283106
2021-10-24,6,297,299.96329196118086,86,25796.843108661553,0.5789918520210929
2021-10-25,0,298,299.9642411457215,80,23997.139291657717,0.5134945675999333
2021-10-26,1,299,300.16603200295265,85,25514.112720250974,0.5431226524742073
2021-10-27,2,300,300.1701324571305,97,29116.502848341657,0.6490506814138587
2021-10-28,3,301,300.53793067784335,116,34862.39995862983,0.7550603248564822
2021-10-29,4,302,299.0661163068407,119,35588.86784051404,0.7849332290555363
2021-10-30,5,303,298.25223119508166,89,26544.44857636227,0.719843896235706
2021-10-31,6,304,298.4913138516006,81,24177.79642197965,0.6125345557215115
2021-11-01,0,305,297.3198983078853,75,22298.992373091398,0.5475980592942064
2021-11-02,1,306,297.01575423610404,92,27325.449389721573,0.5777765909895725
2021-11-03,2,307,296.9846044875674,97,28807.50663529404,0.6842445624683107
2021-11-04,3,308,296.5098905054566,125,37063.736313182075,0.7907834841713617
2021-11-05,4,309,296.1134674214442,126,37310.29689510197,0.8211748455156204
2021-11-06,5,310,296.26914622730067,108,31997.06779254847,0.7565929950957293
2021-11-07,6,311,296.84770341324224,76,22560.42545940641,0.64978001185822
2021-11-08,0,312,296.2982923875448,80,23703.863391003582,0.5853286005029718
2021-11-09,1,313,295.968652325605,79,23381.523533722793,0.6159808013245929
2021-11-10,2,314,295.54947229454046,111,32805.99142469399,0.7229108856254155
2021-11-11,3,315,294.1614670862318,127,37358.50631995144,0.8299002269123438
2021-11-12,4,316,294.242700400786,130,38251.551052102186,0.8607301811332422
2021-11-13,5,317,294.7785077637173,103,30362.18629966288,0.7965749669182384
2021-11-14,6,318,295.3612771808862,87,25696.431114737097,0.690176536792315
2021-11-15,0,319,294.8621286005023,87,25653.005188243696,0.6261274726143586
2021-11-16,1,320,294.14461892064776,91,26767.160321778945,0.6571696954548052
2021-11-17,2,321,294.15700384811,108,31768.95641559588,0.7644773610440231
2021-11-18,3,322,294.63236761340755,132,38891.472524969795,0.8718317310034637
2021-11-19,4,323,294.72113238836573,127,37429.583813322446,0.9030140531151076
2021-11-20,5,324,294.8869702091658,119,35091.54945489073,0.8391984415948702
2021-11-21,6,325,295.5415008640443,112,33100.64809677296,0.7331267483361249
2021-11-22,0,326,295.11780631837536,92,27150.83818129053,0.669391458378573
2021-11-23,1,327,294.9917130751583,93,27434.229315989724,0.7007343998145784
2021-11-24,2,328,295.9287164353688,96,28409.156777795404,0.8083296392650875
2021-11-25,3,329,295.81589858277846,137,40526.77810584065,0.9159583531372532
2021-11-26,4,330,295.08942422117536,111,32754.926088550466,0.9474017079189916
2021-11-27,5,331,294.7057298638205,141,41553.5079107987,0.8838337404766152
2021-11-28,6,332,294.1679379215133,104,30593.465543837385,0.777996229321212
2021-11-29,0,333,294.37267389024436,106,31203.503432365902,0.7144815900992719
2021-11-30,1,334,293.8590910429501,89,26153.459102822562,0.7460315855195851
2021-12-01,2,335,294.0144557495022,137,40279.9804376818,0.8538202208485357
2021-12-02,3,336,293.59252178553095,149,43745.28574604411,0.9616286151859055
2021-12-03,4,337,292.37533952891766,155,45318.17762698224,0.9932378817764088
2021-12-04,5,338,292.5511028972912,156,45637.97205197742,0.9298220083231074
2021-12-05,6,339,292.6362065920223,105,30726.801692162342,0.8241227282683702
