data/processed/21212_timeseries.csv
date,day_of_week,day_of_year,price,demand,revenue,seasonal
2021-12-06,0,340,292.93300041145073,104,30465.032042790877,0.7607324162977847
2021-12-07,1,341,292.54722458896674,114,33350.38360314221,0.7923927982793546
2021-12-08,2,342,292.1003670520322,118,34467.8433121398,0.9002778467695085
2021-12-09,3,343,292.3304995168402,144,42095.591930424984,1.0081686522987248
2021-12-10,4,344,293.201245659225,163,47791.80304245367,1.0398463036915069
2021-12-11,5,345,293.2076474866745,145,42515.1088855678,0.9764847683870298
2021-12-12,6,346,293.4510319967774,121,35507.574871610064,0.8708257637261045
2021-12-13,0,347,293.26668859481214,127,37244.86945154114,0.8074616524598515
2021-12-14,1,348,292.3818347413826,117,34208.67466474176,0.8391341526924166
2021-12-15,2,349,292.9363933856497,137,40132.28589383401,0.947017233389343
2021-12-16,3,350,293.4571228144705,147,43138.19705372716,1.0548919856642105
2021-12-17,4,351,293.8645591317639,145,42610.361074105764,1.086539503098446
2021-12-18,5,352,293.7602627214832,162,47589.16256088027,1.0231337620605678
2021-12-19,6,353,294.10251262071813,124,36468.711564969046,0.9174164929904951
2021-12-20,0,354,294.6148428443436,133,39183.774098297705,0.8539800759043523
2021-12-21,1,355,295.54356486378856,122,36056.3149133822,0.8855662503320605
2021-12-22,2,356,296.1102167409821,140,41455.43034373749,0.9933490108193641
2021-12-23,3,357,296.14680092100537,169,50048.80935564991,1.1011094782068782
2021-12-24,4,358,295.3968721537775,154,45491.118311681734,1.132628779941134
2021-12-25,5,359,295.4861000114555,141,41663.540101615225,1.0690809303837003
2021-12-26,6,360,295.6331776276357,119,35180.34813768865,0.9632077020843252
2021-12-27,0,361,296.0396140902454,142,42037.625200814844,0.899601521273219
2021-12-28,1,362,296.8157042309062,168,49865.03831079224,0.9310041777849586
2021-12-29,2,363,296.7611611935302,158,46888.263468577774,1.038589720545611
2021-12-30,3,364,297.9655080787264,167,49760.23984914731,1.1461393288356592
2021-12-31,4,365,296.95703365630953,170,50482.69572157262,1.1774341925837324
2022-01-01,5,1,297.1974125983518,158,46957.19119053958,1.113648392657213
2022-01-02,6,2,296.7396775146942,155,45994.6500147776,1.007523772115694
2022-01-03,0,3,295.646402464832,141,41686.142747541315,0.943652831682336
2022-01-04,1,4,295.5307395313375,127,37532.40392047986,0.9747774396456903
2022-01-05,2,5,294.69544581367694,178,52455.789354834495,1.0820717273236113
2022-01-06,3,6,294.6029106534807,163,48020.27443651736,1.1893169603017422
2022-01-07,4,7,294.62284139644106,180,53032.11145135939,1.2202944187016935
2022-01-08,5,8,295.26402182287507,163,48128.035557128635,1.1561782774449125
2022-01-09,6,9,294.3998302323578,131,38566.37776043887,1.0497104774782482
2022-01-10,0,10,294.9205773891809,146,43058.40429882041,0.9854836212163303
2022-01-11,1,11,294.9767999522531,166,48966.14879207401,1.016239682413253
2022-01-12,2,12,295.5665661723873,171,50541.88281547823,1.1231529015952335
2022-01-13,3,13,295.31907385765555,176,51976.15699894738,1.230004657266735
2022-01-14,4,14,294.5553925624209,185,54492.747624047865,1.2605763461451889
2022-01-15,5,15,293.85748658357153,176,51718.91763870859,1.1960422633902967
2022-01-16,6,16,293.116985027617,171,50123.00443972251,1.089144473794002
2022-01-17,0,17,293.39088197927987,155,45475.58670678838,1.024475707186138
2022-01-18,1,18,294.2374965830034,183,53845.46187468962,1.0547780682683738
2022-01-19,2,19,293.91364995761086,174,51140.97509262429,1.1612259320080633
2022-01-20,3,20,294.274288585251,180,52969.37194534518,1.2676008148045315
2022-01-21,4,21,293.40100734565635,207,60734.008520550866,1.2976842546829332
2022-01-22,5,22,293.50437272352934,191,56059.335190194106,1.232650691481685
2022-01-23,6,23,293.8876122351495,164,48197.56840656452,1.1252423379995642
2022-01-24,0,24,293.05750504985286,146,42786.395737278515,1.0600520753575027
2022-01-25,1,25,292.9406331231703,158,46284.62003346091,1.0898221627876914
2022-01-26,2,26,293.35101762355316,174,51043.07706649825,1.1957271329816987
2022-01-27,3,27,291.669295070459,200,58333.859014091795,1.3015486632098627
2022-01-28,4,28,292.4348155567258,208,60826.44163579897,1.3310684554676675
2022-01-29,5,29,292.63755484841585,183,53552.6725372601,1.265461116614492
2022-01-30,6,30,293.04840395508705,185,54213.954731691105,1.157469029471228
2022-01-31,0,31,292.81182127587385,170,49778.009616898555,1.09168524813169
2022-02-01,1,32,291.824306709012,149,43481.82169964279,1.1208522077004615
2022-02-02,2,33,292.1304471086572,199,58133.95897462279,1.2261446195888905
2022-02-03,3,34,292.08310393510294,229,66887.03080113858,1.331344342581593
2022-02-04,4,35,292.1015134470238,203,59296.60722974584,1.3602332629289462
2022-02-05,5,36,292.7249613629811,200,58544.992272596224,1.293986174431304
2022-02-06,6,37,293.16179851137355,186,54528.09452311548,1.1853456494811418
2022-02-07,0,38,294.2631076055998,151,44433.729248445576,1.1189049343184323
2022-02-08,1,39,294.35130131863934,148,43563.99259515862,1.1474066587114153
2022-02-09,2,40,293.9550782714457,189,55557.50979330324,1.2520257311949812
2022-02-10,3,41,293.84707226179785,216,63470.96760854834,1.3565442100787435
2022-02-11,4,42,294.0853425808337,185,54405.788377454235,1.3847441834804113
2022-02-12,5,43,294.6676610454047,179,52745.511327127446,1.3178006493501844
2022-02-13,6,44,293.8267145710717,174,51125.84833536648,1.2084563864524096
2022-02-14,0,45,293.831608580087,158,46425.39415565375,1.1413048495598
2022-02-15,1,46,294.75424461073317,171,50402.975828435374,1.1690888790724174
2022-02-16,2,47,294.61654990845653,204,60101.776181325135,1.2729835961936207
2022-02-17,3,48,295.1502329470437,189,55783.394026991264,1.376771273875195
2022-02-18,4,49,295.4329022373744,218,64404.372687747615,1.4042342167869732
2022-02-19,5,50,295.98082930219977,196,58012.24254323116,1.336547641277208
2022-02-20,6,51,295.51665103840116,187,55261.61374418102,1.2264545462894294
2022-02-21,0,52,295.0549714063794,170,50159.3451390845,1.1585486084914955
2022-02-22,1,53,295.06659184378753,167,49276.12083791252,1.185572891828718
2022-02-23,2,54,294.1882778084427,217,63838.85628443207,1.2887027426336377
2022-02-24,3,55,294.0336546574979,218,64099.33671533454,1.3917206605044323
2022-02-25,4,56,294.1786109029688,213,62660.04412233235,1.418409178207383
2022-02-26,5,57,295.20161587170986,182,53726.694088651195,1.3499437415696534
2022-02-27,6,58,295.43246563567345,192,56723.0334020493,1.239067580328166
2022-02-28,0,59,295.79086475637394,180,53242.35565614731,1.170374603190135
2022-03-01,1,60,296.45837613677674,189,56030.6330898508,1.1966081073176686
2022-03-02,2,61,295.9054063861283,197,58293.36505806727,1.2989436733682418
2022-03-03,3,62,295.8107762088524,215,63599.316884903266,1.4011640363037483
2022-03-04,4,63,297.2010931581501,211,62709.430656369674,1.427051965223208
2022-03-05,5,64,297.15573800199275,181,53785.188578360685,1.3577831431855174
2022-03-06,6,65,297.79570853648835,157,46753.92624022867,1.2461010379880313
2022-03-07,0,66,298.34815108166265,185,55194.40795010759,1.1765997971565503
2022-03-08,1,67,297.5008533653701,149,44327.627151440145,1.2020229573591608
2022-03-09,2,68,297.67882910553317,199,59238.0869920011,1.303546339375733
2022-03-10,3,69,297.76294901921835,193,57468.24916070914,1.4049529188358099
2022-03-11,4,70,297.9520909808188,203,60484.27446910622,1.4300257059800452
2022-03-12,5,71,297.5198118024747,191,56826.28405427266,1.3599406254114055
2022-03-13,6,72,296.8795610947558,186,55219.59836362457,1.247441386802273
2022-03-14,0,73,296.6066983359408,176,52202.77890712558,1.1771223798127128
2022-03-15,1,74,296.550639402932,200,59310.1278805864,1.2017273834325748
2022-03-16,2,75,297.22990690888963,198,58851.521567960146,1.3024324608791833
2022-03-17,3,76,298.27164225872036,190,56671.612029156866,1.4030208302633873
2022-03-18,4,77,299.0722127115655,205,61309.803605870926,1.4272757442791395
2022-03-19,5,78,299.56529586043945,178,53322.622663158225,1.3563733698828606
2022-03-20,6,79,298.9895788487212,182,54416.10335046725,1.2430576589287479
2022-03-21,0,80,298.7551876838893,169,50489.62671857729,1.1719232430152469
2022-03-22,1,81,298.8755233949164,178,53199.84316429512,1.1957141427554534
2022-03-23,2,82,298.5129909676477,184,54926.390338047175,1.295606662603243
2022-03-24,3,83,298.8438620139397,179,53493.05130049521,1.3953842614478107
2022-03-25,4,84,299.2568655793638,201,60150.629981452126,1.4188304322319258
2022-03-26,5,85,299.5642826210021,176,52723.31374129637,1.3471215815600934
2022-03-27,6,86,300.1519195537221,180,54027.34551966998,1.233001900262825
2022-03-28,0,87,299.6333815940937,167,50038.77472621365,1.1610662581723306
2022-03-29,1,88,300.16810610343015,182,54630.59531082429,1.1840589133223147
2022-03-30,2,89,299.76934192480246,183,54857.78957223885,1.2831564067037555
2022-03-31,3,90,299.22997010510306,196,58649.0741406002,1.3821424327893486
2022-04-01,4,91,299.5349945297532,209,62602.813856718414,1.4048007190819567
2022-04-02,5,92,300.231968573444,191,57344.30599752781,1.3323079056532532
2022-04-03,6,93,300.51171207930656,181,54392.619886354485,1.2174084156388416
2022-04-04,0,94,300.52363755003364,150,45078.54563250505,1.144697349945081
2022-04-05,1,95,300.7014267322848,188,56531.86822566954,1.1669191963804275
2022-04-06,2,96,300.7796306045539,221,66472.29836360642,1.2652507243431166
2022-04-07,3,97,300.134202845061,217,65129.122017378235,1.36347585527793
2022-04-08,4,98,299.4218968832243,174,52099.41005768102,1.3853785421573845
2022-04-09,5,99,299.3767115994315,178,53289.0546646988,1.3121356489535645
2022-04-10,6,100,299.42248785731954,155,46410.48561788453,1.1964918210668978
2022-04-11,0,101,299.4289839057749,160,47908.63742492398,1.1230423799671196
2022-04-12,1,102,299.81654498964224,174,52168.07882819775,1.1445320322592638
2022-04-13,2,103,299.69302747692103,168,50348.428616122736,1.2421377643064828
2022-04-14,3,104,300.0157434970114,194,58203.054238420205,1.3396437126225438
2022-04-15,4,105,299.9328621621254,196,58786.84098377658,1.3608340432892998
2022-04-16,5,106,300.97806448281085,186,55981.91999380282,1.2868858313653617
2022-04-17,6,107,301.02433193548586,150,45153.64979032288,1.170543931252322
2022-04-18,0,108,302.36610212807324,143,43238.352604314474,1.0964038712737827
2022-04-19,1,109,302.56788539707117,162,49015.99743432553,1.1172105626800313
2022-04-20,2,110,302.44539943614615,162,48996.154708655675,1.214141194210303
2022-04-21,3,111,301.9298097296231,226,68236.13699889483,1.3109801024251955
2022-04-22,4,112,301.10270408696283,211,63532.67056234916,1.331511651064947
2022-04-23,5,113,300.53438057083014,162,48686.569652474485,1.256913110399499
2022-04-24,6,114,300.03016468423317,192,57605.79161937277,1.1399295275368848
2022-04-25,0,115,300.2564869883871,168,50443.08981404903,1.0651566209451526
2022-04-26,1,116,299.9548737140145,158,47392.87004681429,1.085339489400701
2022-04-27,2,117,300.06202573026405,192,57611.9089402107,1.1816555064949714
2022-04-28,3,118,300.7968929655824,188,56549.815877529494,1.2778891909120835
2022-04-29,4,119,300.7465586678302,175,52630.64776687028,1.2978250857331477
2022-04-30,5,120,301.93839168126993,153,46196.5739272343,1.2226406377331982
2022-05-01,6,121,301.2643826732108,164,49407.35875840657,1.1050810676372165
2022-05-02,0,122,301.17806380923747,146,43971.99731614867,1.029742264590738
2022-05-03,1,123,300.8689139758419,124,37307.74533300439,1.0493694950574823
2022-05-04,2,124,301.4057467654177,144,43402.42753422014,1.145140297276419
2022-05-05,3,125,300.12183314300296,163,48919.858802309485,1.2408393514906046
2022-05-06,4,126,299.29459754065033,189,56566.678935182914,1.2602513592036153
2022-05-07,5,127,299.23306322388663,172,51468.0868745085,1.18455392242954
2022-05-08,6,128,300.12235799689597,157,47119.21020551267,1.066492413902991
2022-05-09,0,129,300.2518170962606,127,38131.9807712251,0.9906628715047294
2022-05-10,1,130,299.47707083667837,129,38632.54213793151,1.0098107071151168
2022-05-11,2,131,298.79082017129684,172,51392.02106946306,1.1051136010281422
2022-05-12,3,132,299.74982646479344,177,53055.71928426844,1.2003563721382322
2022-05-13,4,133,299.39377395583756,171,51196.33534644822,1.2193238571554528
2022-05-14,5,134,298.85323996021384,174,52000.46375307721,1.1431937898155866
2022-05-15,6,135,299.7001128256444,144,43156.81624689279,1.0247116710510342
2022-05-16,0,136,300.27970299888017,137,41138.319310846586,0.9484736633784147
2022-05-17,1,137,301.01003099438736,113,34014.133502365774,0.9672252997151781
2022-05-18,2,138,300.465439392472,171,51379.59013611271,1.0621443777577135
2022-05-19,3,139,299.5912045388486,178,53327.23440791505,1.1570158301333724
2022-05-20,4,140,299.6675394386777,163,48845.80892850446,1.1756246035819746
2022-05-21,5,141,299.85964347266327,151,45278.80616437215,1.09914853813328
2022-05-22,6,142,300.0686438172431,136,40809.33555914507,0.98033323724641
2022-05-23,0,143,300.9159817863966,127,38216.32968687237,0.903774962166995
2022-05-24,1,144,299.9221361291593,140,41989.0990580823,0.9222193407146724
2022-05-25,2,145,300.4149383043792,158,47465.56025209191,1.016844261632933
2022-05-26,3,146,299.7863209750825,149,44668.161825287294,1.1114347447142336
2022-05-27,4,147,300.27685331779645,149,44741.25114435167,1.1297758199556593
2022-05-28,5,148,300.0045943385572,137,41100.629424382336,1.0530454067117243
2022-05-29,6,149,299.5380020614736,114,34147.33223500799,0.9339891838102885
2022-05-30,0,150,299.1883881138263,126,37697.73690234211,0.8572034838873774
2022-05-31,1,151,298.3597223556748,140,41770.36112979447,0.8754340021535167
2022-06-01,2,152,298.38289739833874,160,47741.263583734195,0.9698586907236165
2022-06-02,3,153,297.93997856674,153,45584.81672071122,1.0642626287232908
2022-06-03,4,154,298.39070755252897,167,49831.248161272335,1.0824309014269842
2022-06-04,5,155,298.757606290075,153,45709.913762381475,1.0055414793942967
2022-06-05,6,156,299.72530694919527,137,41062.36705203975,0.8863400885708509
2022-06-06,0,157,299.93529650358363,113,33892.68850490495,0.8094231046090565
2022-06-07,1,158,300.23376412395476,118,35427.584166626664,0.8275362616217322
2022-06-08,2,159,301.0363420052071,130,39134.724460676916,0.92185754650045
2022-06-09,3,160,300.6765475159409,146,43898.77593732737,1.0161720690115663
2022-06-10,4,161,299.823434678475,149,44673.69176709277,1.034264940925271
2022-06-11,5,162,299.93813440535865,143,42891.15321996629,0.9573141551440576
2022-06-12,6,163,299.1226395771505,115,34399.1035513723,0.8380654557969397
2022-06-13,0,164,300.5293085047525,96,28850.813616456242,0.761115232554868
2022-06-14,1,165,301.36364240406084,128,38574.54622771979,0.7792092293801685
2022-06-15,2,166,302.60409649596886,126,38128.11615849208,0.8735254388420015
2022-06-16,3,167,302.6398929169079,137,41461.665329616386,0.9678489722106778
2022-06-17,4,168,302.9554976934914,137,41504.90318400832,0.9859649385862728
2022-06-18,5,169,302.6921130293776,126,38139.20624170158,0.9090513240278912
2022-06-19,6,170,303.1982311745175,88,26681.44434335754,0.7898538616499116
2022-06-20,0,171,302.50144649712723,86,26015.12439875294,0.7129689259406644
2022-06-21,1,172,301.0436716109415,120,36125.24059331298,0.7311422415163702
2022-06-22,2,173,300.5904133158458,127,38174.982491112416,0.8255517774423343
2022-06-23,3,174,299.7560936420541,129,38668.53607982498,0.9199826173342237
2022-06-24,4,175,300.6032841769951,119,35771.790817062414,0.9382198384948773
2022-06-25,5,176,301.6440832347663,101,30466.052406711395,0.8614413910529788
2022-06-26,6,177,300.8398835391641,119,35799.94614116052,0.7423929680699791
2022-06-27,0,178,301.58033244623994,95,28650.131582392794,0.6656708998706186
2022-06-28,1,179,302.1256939539431,108,32629.574947025852,0.6840208628099695
2022-06-29,2,180,301.22585236049537,118,35544.65057853845,0.7786207736089001
2022-06-30,3,181,301.00213967554913,131,39431.28029749694,0.8732556594708869
2022-07-01,4,182,300.6695729778404,119,35779.679184363005,0.891710537235548
2022-07-02,5,183,301.0983456675767,127,38239.489899782246,0.815163292535225
2022-07-03,6,184,300.39397365092134,75,22529.5480238191,0.6963595499210131
2022-07-04,0,185,300.337296989911,80,24026.98375919288,0.6198955672135786
2022-07-05,1,186,299.944099407705,98,29394.52174195509,0.638516944291668
2022-07-06,2,187,300.2154323233025,119,35725.63644647299,0.7334015174503171
2022-07-07,3,188,300.0911608335168,117,35110.66581752147,0.8283342295413751
2022-07-08,4,189,299.7843424485782,137,41070.45491545521,0.8471000091521315
2022-07-09,5,190,299.66207465573723,107,32063.841988163884,0.770876649787998
2022-07-10,6,191,300.8291935490586,88,26472.969032317153,0.6524096800258553
2022-07-11,0,192,300.59021456782807,81,24347.807379994072,0.5762952578933035
2022-07-12,1,193,299.99348013832184,88,26399.42625217232,0.5952788796867484
2022-07-13,2,194,300.3279212073292,92,27630.16875107429,0.6905382743603004
2022-07-14,3,195,300.2456486978125,111,33327.267005457186,0.7858582736981068
2022-07-15,4,196,299.434395499922,123,36830.43064649041,0.805023691525885
2022-07-16,5,197,300.713554018193,112,33679.91805003762,0.7292122029276303
2022-07-17,6,198,300.5115028480227,104,31253.19629619436,0.6111692144339855
2022-07-18,0,199,300.29489710092645,82,24624.181562275968,0.5354907584377901
2022-07-19,1,200,300.38651936742485,89,26734.400223700814,0.5549222020492635
2022-07-20,2,201,301.37827255474804,100,30137.827255474804,0.6506411415232469
2022-07-21,3,202,300.4153937415288,87,26136.139255513008,0.7464322724708472
2022-07-22,4,203,300.57359684705915,111,33363.669250023566,0.7660802691113184
2022-07-23,5,204,301.77008187981005,74,22330.986059105944,0.6907626635301354
2022-07-24,6,205,301.84387289883,82,24751.19757770406,0.5732247159097292
2022-07-25,0,206,301.1357435787824,62,18670.416101884508,0.4980623089884657
2022-07-26,1,207,300.7812605399094,76,22859.375801033115,0.5180206569600685
2022-07-27,2,208,300.8998516153439,90,27080.98664538095,0.6142771999462209
2022-07-28,3,209,301.662707076043,100,30166.270707604297,0.7106164742545487
2022-07-29,4,210,301.4681899132352,123,37080.58735932793,0.7308229916775557
