data/processed/21212_timeseries.csv
date,day_of_week,day_of_year,price,demand,revenue,seasonal
2022-07-30,5,211,301.94205073552234,78,23551.479957370742,0.6560741187989801
2022-07-31,6,212,301.1192556302769,79,23788.421194791874,0.5391149472734965
2022-08-01,0,213,300.29167432471127,62,18618.083808132098,0.46454118833558644
2022-08-02,1,214,300.0149189459029,57,17100.850379916465,0.48509788174988633
2022-08-03,2,215,300.8392387801255,95,28579.727684111924,0.5819622903354148
2022-08-04,3,216,300.8787197241168,93,27981.720934342866,0.6789187702761014
2022-08-05,4,217,301.04484791964694,115,34620.157510759396,0.6997516504730993
2022-08-06,5,218,301.20425122128984,91,27409.586861137373,0.6256381119053381
2022-08-07,6,219,301.84008145640036,83,25052.72676088123,0.5093230579642358
2022-08-08,0,220,301.490285230177,59,17787.926828580443,0.43540200901829323
2022-08-09,1,221,301.88483024718323,57,17207.435324089445,0.45661981142012936
2022-08-10,2,222,301.4085441693674,79,23811.274989380025,0.5541535320878916
2022-08-11,3,223,302.5454136644476,90,27229.087229800283,0.6517873288738956
2022-08-12,4,224,302.086606234268,93,28094.054379786925,0.6733053299756944
2022-08-13,5,225,301.58079505472074,81,24428.04439943238,0.599884513356105
2022-08-14,6,226,301.89588175823343,73,22038.39936835104,0.48426957713808094
2022-08-15,0,227,301.94161880476855,53,16002.905796652733,0.4110558342301326
2022-08-16,1,228,302.1289800982157,56,16919.22288550008,0.4329879213948363
2022-08-17,2,229,302.2592829686428,79,23878.48335452278,0.53124269389235
2022-08-18,3,230,301.63423848734226,97,29258.5211332722,0.6296040959117613
2022-08-19,4,231,302.5590626892038,96,29045.670018163568,0.6518560400455148
2022-08-20,5,232,303.07126703660373,82,24851.843897001505,0.5791752867732339
2022-08-21,6,233,303.8502566224905,78,23700.320016554262,0.4643063149211547
2022-08-22,0,234,303.54740201026914,56,16998.65451257507,0.3918442163524468
2022-08-23,1,235,303.7861654049822,55,16708.23909727402,0.4145334051012409
2022-08-24,2,236,303.8993027405552,73,22184.649100060527,0.5135505120821483
2022-08-25,3,237,304.5459066113192,78,23754.580715682896,0.6126792555880936
2022-08-26,4,238,305.21099454255403,90,27468.98950882986,0.635703320831685
2022-08-27,5,239,305.32165687041334,73,22288.480951540172,0.563799239496408
2022-08-28,6,240,304.451523189266,54,16440.382252220366,0.44971126026383174
2022-08-29,0,241,305.471677077309,70,21383.01739541163,0.3780342435721566
2022-08-30,1,242,305.79038522423133,61,18653.21349867811,0.40151237081881186
2022-08-31,2,243,305.44161143865557,74,22602.679246460513,0.5013220391389066
2022-09-01,3,244,305.67465320125956,83,25370.996215704545,0.6012467319723369
2022-09-02,4,245,304.80845048610604,79,24079.867588402376,0.6250698986747463
2022-09-03,5,246,305.41340951953265,77,23516.832533004013,0.5539678341386097
2022-09-04,6,247,304.5700682129899,70,21319.904774909293,0.4406845493906091
2022-09-05,0,248,304.4434794675095,49,14917.730493907966,0.36981466642060534
2022-09-06,1,249,304.583607858764,52,15838.34760865573,0.394102127454878
2022-09-07,2,250,305.179100957156,68,20752.178865086607,0.49472308980548
2022-09-08,3,251,305.2401754605229,85,25945.414914144447,0.5954607965083742
2022-09-09,4,252,305.60415462363164,86,26281.95729763232,0.6200984560056477
2022-09-10,5,253,305.58800853353586,97,29642.036827752978,0.5498121218379802
2022-09-11,6,254,305.5695586115398,55,16806.325723634687,0.43734556331353935
2022-09-12,0,255,305.61855665432233,43,13141.59793613586,0.3672931604085796
2022-09-13,1,256,305.51018316246854,61,18636.12117291058,0.392398613112405
2022-09-14,2,257,304.5433921088304,69,21013.494055509298,0.4938378363484722
2022-09-15,3,258,304.1029667645241,98,29802.090742923363,0.5953938306843775
2022-09-16,4,259,304.24327881349643,86,26164.921977960694,0.6208495620859285
2022-09-17,5,260,304.1004754180053,78,23719.837082604416,0.551380841681443
2022-09-18,6,261,304.01116112626624,55,16720.613861944643,0.43973119650249975
2022-09-19,0,262,303.8258054103945,59,17925.722519213276,0.3704947644562959
2022-09-20,1,263,303.3307657264831,54,16379.861349230086,0.39641500374234484
2022-09-21,2,264,303.0481067922458,74,22425.559902626188,0.49866758784525933
2022-09-22,3,265,302.87222192372997,86,26047.011085440776,0.6010352763162607
2022-09-23,4,266,302.8751701212829,89,26955.890140794178,0.6273007945986666
2022-09-24,5,267,303.10066601490985,79,23944.952615177877,0.5586397138634629
2022-09-25,6,268,302.99716934367655,58,17573.83582193324,0.4477953218211633
2022-09-26,0,269,302.4069410424134,64,19354.044226714457,0.3793615177650814
2022-09-27,1,270,301.6055198066301,60,18096.33118839781,0.4060815220587269
2022-09-28,2,271,303.0944462624231,65,19701.139007057503,0.5091307711991101
2022-09-29,3,272,302.4468034690047,66,19961.48902895431,0.6122917886683819
2022-09-30,4,273,302.1495125536264,71,21452.615391307474,0.6393470648293643
2022-10-01,5,274,302.44587214448785,78,23590.77802727005,0.5714719368307376
2022-10-02,6,275,302.6527279279156,66,19975.08004324243,0.46140945948825574
2022-10-03,0,276,302.95130327263143,60,18177.078196357885,0.39375330039703227
2022-10-04,1,277,302.69752498864216,67,20280.734174239024,0.4212464494875917
2022-10-05,2,278,302.83427340419945,87,26346.581786165352,0.5250641141574575
2022-10-06,3,279,302.8694373744098,101,30589.81317481539,0.6289885901906758
2022-10-07,4,280,302.69051460796317,113,34204.028150699836,0.656802141720819
2022-10-08,5,281,302.8311906004357,68,20592.520960829628,0.5896798812032211
2022-10-09,6,282,303.4361567873479,68,20633.658661539655,0.48036464036269977
2022-10-10,0,283,303.42343097441835,65,19722.52301333719,0.4134498653721419
2022-10-11,1,284,303.41451889434705,58,17598.04209587213,0.4416783264739309
2022-10-12,2,285,304.026819826727,81,24626.172405964884,0.5462250131767634
2022-10-13,3,286,304.5778995098933,84,25584.54355883104,0.6508720052397206
2022-10-14,4,287,305.4858578869231,90,27493.72720982308,0.6794013526992854
2022-10-15,5,288,304.4791357027812,84,25576.247399033622,0.6129879559050175
2022-10-16,6,289,304.99797630983807,67,20434.86441275915,0.5043744365301344
2022-10-17,0,290,305.34281946613584,73,22290.025821027917,0.4381540328122712
2022-10-18,1,291,304.8351377859369,63,19204.613680514027,0.46706930923663326
2022-10-19,2,292,304.97935528848245,88,26838.183265386455,0.5722950517936995
2022-10-20,3,293,305.5818888065411,92,28113.53377020178,0.6776131390236929
2022-10-21,4,294,305.1065908273484,100,30510.659082734837,0.7068054221030694
2022-10-22,5,295,305.3602804669058,84,25650.26355922009,0.6410466049392717
2022-10-23,6,296,305.8597657043024,64,19575.025005075353,0.5330791152394415
2022-10-24,0,297,305.2458261808378,81,24724.91192064786,0.4674959998086804
2022-10-25,1,298,305.16426388891375,79,24107.976847224185,0.497039634289922
2022-10-26,2,299,305.3367877047225,99,30228.341982767528,0.6028846184775938
2022-10-27,3,300,304.8804220002784,81,24695.314182022546,0.7088126474172594
2022-10-28,4,301,304.37646584953535,98,29828.893653254465,0.7386053915464816
2022-10-29,5,302,304.2990543610672,89,27082.61583813498,0.6734373768431339
2022-10-30,6,303,304.75857753226194,72,21942.61758232286,0.5660508559468502
2022-10-31,0,304,305.12758456047686,64,19528.16541187052,0.5010387035090975
2022-11-01,1,305,304.63379776239736,86,26198.506607566174,0.531143125984192
2022-11-02,2,306,305.0076393378588,102,31110.779212461595,0.637538556992967
2022-11-03,3,307,304.52845437637063,95,28930.20316575521,0.7440065284717216
2022-11-04,4,308,303.60545827708324,113,34307.41678531041,0.7743285508613599
2022-11-05,5,309,303.39500091763125,106,32159.87009726891,0.7096789933032066
2022-11-06,6,310,304.0387195806471,91,27667.52348183889,0.6027999548068604
2022-11-07,0,311,304.4147352230144,75,22831.105141726082,0.5382841596458007
2022-11-08,1,312,304.41383421737135,85,25875.175908476565,0.5688736671929642
2022-11-09,2,313,304.1749665300097,106,32242.54645218103,0.6757427673280011
2022-11-10,3,314,303.95154355205193,116,35258.37905203802,0.7826728516288032
2022-11-11,4,315,304.0139022199986,102,31009.41802643986,0.8134452936023352
2022-11-12,5,316,303.40144281789264,94,28519.73562488191,0.7492343289208325
2022-11-13,6,317,303.2018975760464,88,26681.766986692084,0.6427819266293691
2022-11-14,0,318,303.0783268990852,73,22124.71786363322,0.5786806845799072
2022-11-15,1,319,302.3038517744421,82,24788.91584550425,0.6096725393043518
2022-11-16,2,320,301.82322888237366,111,33502.37840594348,0.7169316614582031
2022-11-17,3,321,302.0585432993656,111,33528.49830622959,0.8242393270474121
2022-11-18,4,322,302.063995762313,115,34737.359512666,0.8553767976934574
2022-11-19,5,323,301.88700453490605,107,32301.909485234948,0.7915182009026999
2022-11-20,6,324,301.3645478532074,100,30136.45478532074,0.6854054013060009
2022-11-21,0,325,302.26844397645766,83,25088.280850045987,0.6216308961237186
2022-11-22,1,326,301.78808994957376,90,27160.928095461637,0.6529365250685639
2022-11-23,2,327,301.9323102547868,108,32608.689507516974,0.7604963658179746
2022-11-24,3,328,301.65264952222543,118,35595.0126436226,0.8680916052684924
2022-11-25,4,329,301.673445866581,134,40424.24174612186,0.8995034198272496
2022-11-26,5,330,301.93576106298656,115,34722.61252224346,0.8359058557065856
2022-11-27,6,331,301.1502901838048,118,35535.73424168897,0.7300407001877465
2022-11-28,0,332,301.1464975604721,104,31319.235746289098,0.6665003771088042
2022-11-29,1,333,301.829057809514,97,29277.418607522857,0.69802665678927
2022-11-30,2,334,302.8388018617292,113,34220.784610375405,0.8057935515229948
2022-12-01,3,335,302.7642740757051,123,37240.00571131173,0.9135821868519508
2022-12-02,4,336,302.78816695440815,127,38454.097203209836,0.9451736818759046
2022-12-03,5,337,304.055767279646,136,41351.58435003185,0.8817420295639916
2022-12-04,6,338,304.70633884433937,125,38088.29235554242,0.7760289680342247
2022-12-05,0,339,304.35249339879516,112,34087.47926066506,0.712626876055944
2022-12-06,1,340,303.9976741049521,100,30399.767410495213,0.7442774829877841
2022-12-07,2,341,304.54599604162325,114,34718.24354874505,0.8521547642827548
2022-12-08,3,342,303.966440190787,148,44987.03314823648,0.96003981277291
2022-12-09,4,343,304.5899567601746,143,43556.363816704965,0.9917137189887171
2022-12-10,5,344,304.7815872099064,119,36269.00887797886,0.9283504514790948
2022-12-11,6,345,305.07835979023463,120,36609.403174828156,0.8226917280981606
2022-12-12,0,346,304.93119251665723,116,35372.01833193224,0.7593299115136891
2022-12-13,1,347,304.57015864415615,98,29847.875547127303,0.7910067191498392
2022-12-14,2,348,305.4082154017473,108,32984.08726338871,0.8988961186958155
2022-12-15,3,349,305.26677842548344,137,41821.54864429123,1.0067791993927449
2022-12-16,4,350,305.03121850303876,157,47889.90130497709,1.0384370523542048
2022-12-17,5,351,304.985281607965,145,44222.86583315493,0.9750436508860362
2022-12-18,6,352,305.0959275012098,117,35696.22351764155,0.8693407217716982
2022-12-19,0,353,304.5050285958924,119,36236.09840291119,0.8059206407780779
2022-12-20,1,354,304.1812278474239,122,37110.10979738571,0.8375251425943374
2022-12-21,2,355,303.82695391050083,130,39497.50400836511,0.945328216335458
2022-12-22,3,356,304.31149313420804,135,41082.051573118086,1.0531109768227673
2022-12-23,4,357,303.8036336554142,147,44659.13414734589,1.084654544896884
2022-12-24,5,358,302.7971765190399,148,44813.98212481791,1.021132927728713
2022-12-25,6,359,301.66958077680545,142,42837.08047030638,0.9152878900948178
2022-12-26,0,360,300.8267161730434,127,38204.992953976514,0.8517118498719025
2022-12-27,1,361,301.60718941991814,115,34684.826783290584,0.883146587963211
2022-12-28,2,362,301.6164795135003,145,43734.38952945754,0.9907661437883701
2022-12-29,3,363,301.9038100499884,163,49210.32103814811,1.098351686549024
2022-12-30,4,364,302.2113403986918,143,43216.22167701292,1.1296843955256644
